==============Create a new backup===============
=======Load backups latest 5 ===================
11
========start Rotation==================
===========Backups to remove========
Removing: /home/khalid/nit/shell-scripting/khalid/backup/backups/backup_2026-09-02-21-11-13.zip
Removing: /home/khalid/nit/shell-scripting/khalid/backup/backups/backup_2026-09-02-21-11-02.zip
Removing: /home/khalid/nit/shell-scripting/khalid/backup/backups/backup_2026-09-02-21-10-01.zip
Removing: /home/khalid/nit/shell-scripting/khalid/backup/backups/backup_2026-09-02-21-09-01.zip
Removing: /home/khalid/nit/shell-scripting/khalid/backup/backups/backup_2026-09-02-21-08-01.zip
Removing: /home/khalid/nit/shell-scripting/khalid/backup/backups/backup_2026-09-02-21-07-01.zip
==============Create a new backup===============
=======Load backups latest 5 ===================
11
========start Rotation==================
===========Backups to remove========
Removing: /home/khalid/nit/shell-scripting/khalid/backup/backups/backup_2026-09-02-23-47-52.zip
Removing: /home/khalid/nit/shell-scripting/khalid/backup/backups/backup_2026-09-02-23-47-01.zip
Removing: /home/khalid/nit/shell-scripting/khalid/backup/backups/backup_2026-09-02-23-46-01.zip
Removing: /home/khalid/nit/shell-scripting/khalid/backup/backups/backup_2026-09-02-23-45-05.zip
Removing: /home/khalid/nit/shell-scripting/khalid/backup/backups/backup_2026-09-02-23-45-04.zip
Removing: /home/khalid/nit/shell-scripting/khalid/backup/backups/backup_2026-09-02-23-45-02.zip
==============Create a new backup===============
=======Load backups latest 5 ===================
10
========start Rotation==================
===========Backups to remove========
Removing: /home/khalid/nit/shell-scripting/khalid/backup/backups/backup_2026-09-02-23-48-01.zip
Removing: /home/khalid/nit/shell-scripting/khalid/backup/backups/backup_2026-09-02-23-48-00.zip
Removing: /home/khalid/nit/shell-scripting/khalid/backup/backups/backup_2026-09-02-23-47-59.zip
Removing: /home/khalid/nit/shell-scripting/khalid/backup/backups/backup_2026-09-02-23-47-58.zip
Removing: /home/khalid/nit/shell-scripting/khalid/backup/backups/backup_2026-09-02-23-47-55.zip
==============Create a new backup===============
=======Load backups latest 5 ===================
6
========start Rotation==================
===========Backups to remove========
Removing: /home/khalid/nit/shell-scripting/khalid/backup/backups/backup_2026-09-02-23-48-42.zip
==============Create a new backup===============
=======Load backups latest 5 ===================
6
========start Rotation==================
===========Backups to remove========
Removing: /home/khalid/nit/shell-scripting/khalid/backup/backups/backup_2026-09-02-23-48-44.zip
==============Create a new backup===============
=======Load backups latest 5 ===================
6
========start Rotation==================
===========Backups to remove========
Removing: /home/khalid/nit/shell-scripting/khalid/backup/backups/backup_2026-09-02-23-48-46.zip
==============Create a new backup===============
=======Load backups latest 5 ===================
6
========start Rotation==================
===========Backups to remove========
Removing: /home/khalid/nit/shell-scripting/khalid/backup/backups/backup_2026-09-02-23-48-48.zip
